
> guilded-web@0.1.0 build
> next build

  ▲ Next.js 14.2.5
  - Environments: .env.local

   Creating an optimized production build ...
 ✓ Compiled successfully
   Linting and checking validity of types ...
   Collecting page data ...
   Generating static pages (0/16) ...
   Generating static pages (4/16) 
   Generating static pages (8/16) 
   Generating static pages (12/16) 
 ✓ Generating static pages (16/16)
   Finalizing page optimization ...
   Collecting build traces ...

Route (app)                              Size     First Load JS
┌ ○ /                                    1.92 kB         112 kB
├ ○ /_not-found                          871 B            88 kB
├ ƒ /api/auth/[...nextauth]              0 B                0 B
├ ƒ /dashboard                           787 B          95.3 kB
├ ƒ /dashboard/account                   952 B          88.1 kB
├ ƒ /dashboard/ai                        5.44 kB         115 kB
├ ƒ /dashboard/arbitration               952 B          88.1 kB
├ ƒ /dashboard/audit/[id]/results        3.62 kB         108 kB
├ ƒ /dashboard/audit/[id]/verify         3.79 kB         101 kB
├ ƒ /dashboard/audit/start               3.36 kB         100 kB
├ ƒ /dashboard/bankruptcy                153 B          87.3 kB
├ ƒ /dashboard/journey                   153 B          87.3 kB
├ ƒ /dashboard/loot-ledger               153 B          87.3 kB
├ ƒ /dashboard/modules                   153 B          87.3 kB
├ ƒ /dashboard/strategy-session          1.16 kB        88.3 kB
├ ƒ /dashboard/templates                 153 B          87.3 kB
└ ƒ /dashboard/upgrade                   1.91 kB        98.8 kB
+ First Load JS shared by all            87.1 kB
  ├ chunks/23-6e12b91451ca1289.js        31.5 kB
  ├ chunks/fd9d1056-52987fed3a59fd00.js  53.6 kB
  └ other shared chunks (total)          1.95 kB


○  (Static)   prerendered as static content
ƒ  (Dynamic)  server-rendered on demand

