  ▲ Next.js 14.2.5
  - Local:        http://localhost:3000
  - Network:      http://0.0.0.0:3000

 ✓ Starting...
 ✓ Ready in 462ms
Error: Failed to find Server Action "x". This request might be from an older or newer deployment. Original error: Cannot read properties of undefined (reading 'workers')
    at rE (/home/jesse/infra/apps/Guilded/web/node_modules/next/dist/compiled/next-server/app-page.runtime.prod.js:16:1686)
    at /home/jesse/infra/apps/Guilded/web/node_modules/next/dist/compiled/next-server/app-page.runtime.prod.js:16:303
    at process.processTicksAndRejections (node:internal/process/task_queues:103:5)
    at async rR (/home/jesse/infra/apps/Guilded/web/node_modules/next/dist/compiled/next-server/app-page.runtime.prod.js:15:7978)
    at async r7 (/home/jesse/infra/apps/Guilded/web/node_modules/next/dist/compiled/next-server/app-page.runtime.prod.js:18:1144)
    at async doRender (/home/jesse/infra/apps/Guilded/web/node_modules/next/dist/server/base-server.js:1438:30)
    at async cacheEntry.responseCache.get.routeKind (/home/jesse/infra/apps/Guilded/web/node_modules/next/dist/server/base-server.js:1599:28)
    at async NextNodeServer.renderToResponseWithComponentsImpl (/home/jesse/infra/apps/Guilded/web/node_modules/next/dist/server/base-server.js:1507:28)
    at async NextNodeServer.renderErrorToResponseImpl (/home/jesse/infra/apps/Guilded/web/node_modules/next/dist/server/base-server.js:2189:24)
    at async pipe.req.req (/home/jesse/infra/apps/Guilded/web/node_modules/next/dist/server/base-server.js:2063:30)
Error: Failed to find Server Action "x". This request might be from an older or newer deployment. Original error: Cannot read properties of undefined (reading 'workers')
    at rE (/home/jesse/infra/apps/Guilded/web/node_modules/next/dist/compiled/next-server/app-page.runtime.prod.js:16:1686)
    at /home/jesse/infra/apps/Guilded/web/node_modules/next/dist/compiled/next-server/app-page.runtime.prod.js:16:303
    at process.processTicksAndRejections (node:internal/process/task_queues:103:5)
    at async rR (/home/jesse/infra/apps/Guilded/web/node_modules/next/dist/compiled/next-server/app-page.runtime.prod.js:15:7978)
    at async r7 (/home/jesse/infra/apps/Guilded/web/node_modules/next/dist/compiled/next-server/app-page.runtime.prod.js:18:1144)
    at async doRender (/home/jesse/infra/apps/Guilded/web/node_modules/next/dist/server/base-server.js:1438:30)
    at async cacheEntry.responseCache.get.routeKind (/home/jesse/infra/apps/Guilded/web/node_modules/next/dist/server/base-server.js:1599:28)
    at async NextNodeServer.renderToResponseWithComponentsImpl (/home/jesse/infra/apps/Guilded/web/node_modules/next/dist/server/base-server.js:1507:28)
    at async NextNodeServer.renderErrorToResponseImpl (/home/jesse/infra/apps/Guilded/web/node_modules/next/dist/server/base-server.js:2189:24)
    at async pipe.req.req (/home/jesse/infra/apps/Guilded/web/node_modules/next/dist/server/base-server.js:2063:30)
