INFO:     Started server process [3675352]
INFO:     Waiting for application startup.
2026-05-08 20:19:10,184 INFO app.main: CORS allowed origins: ['https://guilded.jesseboudreau.com']
2026-05-08 20:19:10,290 INFO app.main: Database tables verified/created
INFO:     Application startup complete.
INFO:     Uvicorn running on http://127.0.0.1:8100 (Press CTRL+C to quit)
INFO:     127.0.0.1:36136 - "GET /health HTTP/1.1" 200 OK
INFO:     127.0.0.1:36138 - "GET /health HTTP/1.1" 200 OK
INFO:     127.0.0.1:36152 - "POST /api/stripe/checkout HTTP/1.1" 500 Internal Server Error
ERROR:    Exception in ASGI application
Traceback (most recent call last):
  File "/home/jesse/infra/apps/Guilded/api/venv/lib/python3.12/site-packages/uvicorn/protocols/http/httptools_impl.py", line 409, in run_asgi
    result = await app(  # type: ignore[func-returns-value]
             ^^^^^^^^^^^^^^^^^^^^^^^^^^^^^^^^^^^^^^^^^^^^^^
  File "/home/jesse/infra/apps/Guilded/api/venv/lib/python3.12/site-packages/uvicorn/middleware/proxy_headers.py", line 60, in __call__
    return await self.app(scope, receive, send)
           ^^^^^^^^^^^^^^^^^^^^^^^^^^^^^^^^^^^^
  File "/home/jesse/infra/apps/Guilded/api/venv/lib/python3.12/site-packages/fastapi/applications.py", line 1054, in __call__
    await super().__call__(scope, receive, send)
  File "/home/jesse/infra/apps/Guilded/api/venv/lib/python3.12/site-packages/starlette/applications.py", line 113, in __call__
    await self.middleware_stack(scope, receive, send)
  File "/home/jesse/infra/apps/Guilded/api/venv/lib/python3.12/site-packages/starlette/middleware/errors.py", line 187, in __call__
    raise exc
  File "/home/jesse/infra/apps/Guilded/api/venv/lib/python3.12/site-packages/starlette/middleware/errors.py", line 165, in __call__
    await self.app(scope, receive, _send)
  File "/home/jesse/infra/apps/Guilded/api/venv/lib/python3.12/site-packages/starlette/middleware/cors.py", line 85, in __call__
    await self.app(scope, receive, send)
  File "/home/jesse/infra/apps/Guilded/api/venv/lib/python3.12/site-packages/starlette/middleware/gzip.py", line 22, in __call__
    await self.app(scope, receive, send)
  File "/home/jesse/infra/apps/Guilded/api/venv/lib/python3.12/site-packages/starlette/middleware/exceptions.py", line 62, in __call__
    await wrap_app_handling_exceptions(self.app, conn)(scope, receive, send)
  File "/home/jesse/infra/apps/Guilded/api/venv/lib/python3.12/site-packages/starlette/_exception_handler.py", line 53, in wrapped_app
    raise exc
  File "/home/jesse/infra/apps/Guilded/api/venv/lib/python3.12/site-packages/starlette/_exception_handler.py", line 42, in wrapped_app
    await app(scope, receive, sender)
  File "/home/jesse/infra/apps/Guilded/api/venv/lib/python3.12/site-packages/starlette/routing.py", line 715, in __call__
    await self.middleware_stack(scope, receive, send)
  File "/home/jesse/infra/apps/Guilded/api/venv/lib/python3.12/site-packages/starlette/routing.py", line 735, in app
    await route.handle(scope, receive, send)
  File "/home/jesse/infra/apps/Guilded/api/venv/lib/python3.12/site-packages/starlette/routing.py", line 288, in handle
    await self.app(scope, receive, send)
  File "/home/jesse/infra/apps/Guilded/api/venv/lib/python3.12/site-packages/starlette/routing.py", line 76, in app
    await wrap_app_handling_exceptions(app, request)(scope, receive, send)
  File "/home/jesse/infra/apps/Guilded/api/venv/lib/python3.12/site-packages/starlette/_exception_handler.py", line 53, in wrapped_app
    raise exc
  File "/home/jesse/infra/apps/Guilded/api/venv/lib/python3.12/site-packages/starlette/_exception_handler.py", line 42, in wrapped_app
    await app(scope, receive, sender)
  File "/home/jesse/infra/apps/Guilded/api/venv/lib/python3.12/site-packages/starlette/routing.py", line 73, in app
    response = await f(request)
               ^^^^^^^^^^^^^^^^
  File "/home/jesse/infra/apps/Guilded/api/venv/lib/python3.12/site-packages/fastapi/routing.py", line 301, in app
    raw_response = await run_endpoint_function(
                   ^^^^^^^^^^^^^^^^^^^^^^^^^^^^
  File "/home/jesse/infra/apps/Guilded/api/venv/lib/python3.12/site-packages/fastapi/routing.py", line 212, in run_endpoint_function
    return await dependant.call(**values)
           ^^^^^^^^^^^^^^^^^^^^^^^^^^^^^^
  File "/home/jesse/infra/apps/Guilded/api/app/domains/stripe/router.py", line 205, in create_subscription_checkout
    customer_email=current_user.email or None,
                   ^^^^^^^^^^^^^^^^^^
  File "/usr/lib/python3.12/typing.py", line 2028, in __getattr__
    return super().__getattr__(attr)
           ^^^^^^^^^^^^^^^^^^^^^^^^^
  File "/usr/lib/python3.12/typing.py", line 1185, in __getattr__
    return getattr(self.__origin__, attr)
           ^^^^^^^^^^^^^^^^^^^^^^^^^^^^^^
AttributeError: type object 'Any' has no attribute 'email'
INFO:     127.0.0.1:57870 - "GET / HTTP/1.1" 404 Not Found
INFO:     127.0.0.1:57876 - "GET / HTTP/1.1" 404 Not Found
INFO:     127.0.0.1:57878 - "GET / HTTP/1.1" 404 Not Found
INFO:     Shutting down
INFO:     Waiting for application shutdown.
INFO:     Application shutdown complete.
INFO:     Finished server process [3675352]
