
> guilded-web@0.1.0 build
> next build

  ▲ Next.js 14.2.5
  - Environments: .env.local

   Creating an optimized production build ...
 ✓ Compiled successfully
   Linting and checking validity of types ...
   Collecting page data ...
   Generating static pages (0/15) ...
   Generating static pages (3/15) 
   Generating static pages (7/15) 
   Generating static pages (11/15) 
 ✓ Generating static pages (15/15)
   Finalizing page optimization ...
   Collecting build traces ...

Route (app)                              Size     First Load JS
┌ ○ /                                    1.77 kB         112 kB
├ ○ /_not-found                          871 B            88 kB
├ ƒ /api/auth/[...nextauth]              0 B                0 B
├ ƒ /dashboard                           160 B          87.3 kB
├ ƒ /dashboard/account                   160 B          87.3 kB
├ ○ /dashboard/ai                        1.54 kB         111 kB
├ ƒ /dashboard/arbitration               160 B          87.3 kB
├ ƒ /dashboard/bankruptcy                160 B          87.3 kB
├ ƒ /dashboard/journey                   160 B          87.3 kB
├ ƒ /dashboard/loot-ledger               160 B          87.3 kB
├ ƒ /dashboard/modules                   160 B          87.3 kB
├ ƒ /dashboard/strategy-session          1.01 kB        88.1 kB
├ ƒ /dashboard/templates                 160 B          87.3 kB
└ ○ /dashboard/upgrade                   1.44 kB        98.4 kB
+ First Load JS shared by all            87.1 kB
  ├ chunks/23-17d109591ec31f31.js        31.5 kB
  ├ chunks/fd9d1056-be48aeae6e94b8d1.js  53.6 kB
  └ other shared chunks (total)          1.95 kB


○  (Static)   prerendered as static content
ƒ  (Dynamic)  server-rendered on demand


> guilded-web@0.1.0 build
> next build

  ▲ Next.js 14.2.5
  - Environments: .env.local

   Creating an optimized production build ...
 ✓ Compiled successfully
   Linting and checking validity of types ...
   Collecting page data ...
   Generating static pages (0/15) ...
   Generating static pages (3/15) 
   Generating static pages (7/15) 
   Generating static pages (11/15) 
 ✓ Generating static pages (15/15)
   Finalizing page optimization ...
   Collecting build traces ...

Route (app)                              Size     First Load JS
┌ ○ /                                    1.77 kB         112 kB
├ ○ /_not-found                          871 B            88 kB
├ ƒ /api/auth/[...nextauth]              0 B                0 B
├ ƒ /dashboard                           160 B          87.3 kB
├ ƒ /dashboard/account                   160 B          87.3 kB
├ ○ /dashboard/ai                        1.54 kB         111 kB
├ ƒ /dashboard/arbitration               160 B          87.3 kB
├ ƒ /dashboard/bankruptcy                160 B          87.3 kB
├ ƒ /dashboard/journey                   160 B          87.3 kB
├ ƒ /dashboard/loot-ledger               160 B          87.3 kB
├ ƒ /dashboard/modules                   160 B          87.3 kB
├ ƒ /dashboard/strategy-session          1.01 kB        88.1 kB
├ ƒ /dashboard/templates                 160 B          87.3 kB
└ ○ /dashboard/upgrade                   1.44 kB        98.4 kB
+ First Load JS shared by all            87.1 kB
  ├ chunks/23-17d109591ec31f31.js        31.5 kB
  ├ chunks/fd9d1056-be48aeae6e94b8d1.js  53.6 kB
  └ other shared chunks (total)          1.95 kB


○  (Static)   prerendered as static content
ƒ  (Dynamic)  server-rendered on demand


> guilded-web@0.1.0 build
> next build

  ▲ Next.js 14.2.5
  - Environments: .env.local

   Creating an optimized production build ...
 ✓ Compiled successfully
   Linting and checking validity of types ...
   Collecting page data ...
   Generating static pages (0/15) ...
   Generating static pages (3/15) 
   Generating static pages (7/15) 
   Generating static pages (11/15) 
 ✓ Generating static pages (15/15)
   Finalizing page optimization ...
   Collecting build traces ...

Route (app)                              Size     First Load JS
┌ ○ /                                    1.77 kB         112 kB
├ ○ /_not-found                          871 B            88 kB
├ ƒ /api/auth/[...nextauth]              0 B                0 B
├ ƒ /dashboard                           160 B          87.3 kB
├ ƒ /dashboard/account                   160 B          87.3 kB
├ ○ /dashboard/ai                        1.54 kB         111 kB
├ ƒ /dashboard/arbitration               160 B          87.3 kB
├ ƒ /dashboard/bankruptcy                160 B          87.3 kB
├ ƒ /dashboard/journey                   160 B          87.3 kB
├ ƒ /dashboard/loot-ledger               160 B          87.3 kB
├ ƒ /dashboard/modules                   160 B          87.3 kB
├ ƒ /dashboard/strategy-session          1.01 kB        88.1 kB
├ ƒ /dashboard/templates                 160 B          87.3 kB
└ ○ /dashboard/upgrade                   1.44 kB        98.4 kB
+ First Load JS shared by all            87.1 kB
  ├ chunks/23-17d109591ec31f31.js        31.5 kB
  ├ chunks/fd9d1056-be48aeae6e94b8d1.js  53.6 kB
  └ other shared chunks (total)          1.95 kB


○  (Static)   prerendered as static content
ƒ  (Dynamic)  server-rendered on demand


> guilded-web@0.1.0 build
> next build

  ▲ Next.js 14.2.5
  - Environments: .env.local

   Creating an optimized production build ...
 ✓ Compiled successfully
   Linting and checking validity of types ...
   Collecting page data ...
   Generating static pages (0/15) ...
   Generating static pages (3/15) 
   Generating static pages (7/15) 
   Generating static pages (11/15) 
 ✓ Generating static pages (15/15)
   Finalizing page optimization ...
   Collecting build traces ...

Route (app)                              Size     First Load JS
┌ ○ /                                    1.77 kB         112 kB
├ ○ /_not-found                          871 B            88 kB
├ ƒ /api/auth/[...nextauth]              0 B                0 B
├ ƒ /dashboard                           160 B          87.3 kB
├ ƒ /dashboard/account                   160 B          87.3 kB
├ ○ /dashboard/ai                        1.54 kB         111 kB
├ ƒ /dashboard/arbitration               160 B          87.3 kB
├ ƒ /dashboard/bankruptcy                160 B          87.3 kB
├ ƒ /dashboard/journey                   160 B          87.3 kB
├ ƒ /dashboard/loot-ledger               160 B          87.3 kB
├ ƒ /dashboard/modules                   160 B          87.3 kB
├ ƒ /dashboard/strategy-session          1.01 kB        88.1 kB
├ ƒ /dashboard/templates                 160 B          87.3 kB
└ ○ /dashboard/upgrade                   1.44 kB        98.4 kB
+ First Load JS shared by all            87.1 kB
  ├ chunks/23-17d109591ec31f31.js        31.5 kB
  ├ chunks/fd9d1056-be48aeae6e94b8d1.js  53.6 kB
  └ other shared chunks (total)          1.95 kB


○  (Static)   prerendered as static content
ƒ  (Dynamic)  server-rendered on demand


> guilded-web@0.1.0 build
> next build

  ▲ Next.js 14.2.5
  - Environments: .env.local

   Creating an optimized production build ...
 ✓ Compiled successfully
   Linting and checking validity of types ...
   Collecting page data ...
   Generating static pages (0/15) ...
   Generating static pages (3/15) 
   Generating static pages (7/15) 
   Generating static pages (11/15) 
 ✓ Generating static pages (15/15)
   Finalizing page optimization ...
   Collecting build traces ...

Route (app)                              Size     First Load JS
┌ ○ /                                    1.77 kB         112 kB
├ ○ /_not-found                          871 B            88 kB
├ ƒ /api/auth/[...nextauth]              0 B                0 B
├ ƒ /dashboard                           1.4 kB         88.5 kB
├ ƒ /dashboard/account                   952 B          88.1 kB
├ ƒ /dashboard/ai                        3.93 kB         114 kB
├ ƒ /dashboard/arbitration               952 B          88.1 kB
├ ƒ /dashboard/bankruptcy                153 B          87.3 kB
├ ƒ /dashboard/journey                   153 B          87.3 kB
├ ƒ /dashboard/loot-ledger               153 B          87.3 kB
├ ƒ /dashboard/modules                   153 B          87.3 kB
├ ƒ /dashboard/strategy-session          1.01 kB        88.1 kB
├ ƒ /dashboard/templates                 153 B          87.3 kB
└ ƒ /dashboard/upgrade                   1.44 kB        98.4 kB
+ First Load JS shared by all            87.1 kB
  ├ chunks/23-36545a1d4b65201e.js        31.5 kB
  ├ chunks/fd9d1056-24a270b5b0bed3f7.js  53.6 kB
  └ other shared chunks (total)          1.95 kB


○  (Static)   prerendered as static content
ƒ  (Dynamic)  server-rendered on demand


> guilded-web@0.1.0 build
> next build

  ▲ Next.js 14.2.5
  - Environments: .env.local

   Creating an optimized production build ...
 ✓ Compiled successfully
   Linting and checking validity of types ...
   Collecting page data ...
   Generating static pages (0/15) ...
   Generating static pages (3/15) 
   Generating static pages (7/15) 
   Generating static pages (11/15) 
 ✓ Generating static pages (15/15)
   Finalizing page optimization ...
   Collecting build traces ...

Route (app)                              Size     First Load JS
┌ ○ /                                    1.77 kB         112 kB
├ ○ /_not-found                          871 B            88 kB
├ ƒ /api/auth/[...nextauth]              0 B                0 B
├ ƒ /dashboard                           675 B          95.2 kB
├ ƒ /dashboard/account                   952 B          88.1 kB
├ ƒ /dashboard/ai                        4.36 kB         114 kB
├ ƒ /dashboard/arbitration               952 B          88.1 kB
├ ƒ /dashboard/bankruptcy                153 B          87.3 kB
├ ƒ /dashboard/journey                   153 B          87.3 kB
├ ƒ /dashboard/loot-ledger               153 B          87.3 kB
├ ƒ /dashboard/modules                   153 B          87.3 kB
├ ƒ /dashboard/strategy-session          1.01 kB        88.1 kB
├ ƒ /dashboard/templates                 153 B          87.3 kB
└ ƒ /dashboard/upgrade                   1.44 kB        98.4 kB
+ First Load JS shared by all            87.1 kB
  ├ chunks/23-6e12b91451ca1289.js        31.5 kB
  ├ chunks/fd9d1056-52987fed3a59fd00.js  53.6 kB
  └ other shared chunks (total)          1.95 kB


○  (Static)   prerendered as static content
ƒ  (Dynamic)  server-rendered on demand


> guilded-web@0.1.0 build
> next build

  ▲ Next.js 14.2.5
  - Environments: .env.local

   Creating an optimized production build ...
 ✓ Compiled successfully
   Linting and checking validity of types ...
   Collecting page data ...
   Generating static pages (0/15) ...
   Generating static pages (3/15) 
   Generating static pages (7/15) 
   Generating static pages (11/15) 
 ✓ Generating static pages (15/15)
   Finalizing page optimization ...
   Collecting build traces ...

Route (app)                              Size     First Load JS
┌ ○ /                                    1.77 kB         112 kB
├ ○ /_not-found                          871 B            88 kB
├ ƒ /api/auth/[...nextauth]              0 B                0 B
├ ƒ /dashboard                           787 B          95.3 kB
├ ƒ /dashboard/account                   952 B          88.1 kB
├ ƒ /dashboard/ai                        4.62 kB         114 kB
├ ƒ /dashboard/arbitration               952 B          88.1 kB
├ ƒ /dashboard/bankruptcy                153 B          87.3 kB
├ ƒ /dashboard/journey                   153 B          87.3 kB
├ ƒ /dashboard/loot-ledger               153 B          87.3 kB
├ ƒ /dashboard/modules                   153 B          87.3 kB
├ ƒ /dashboard/strategy-session          1.01 kB        88.1 kB
├ ƒ /dashboard/templates                 151 B          87.3 kB
└ ƒ /dashboard/upgrade                   1.44 kB        98.4 kB
+ First Load JS shared by all            87.1 kB
  ├ chunks/23-6e12b91451ca1289.js        31.5 kB
  ├ chunks/fd9d1056-52987fed3a59fd00.js  53.6 kB
  └ other shared chunks (total)          1.95 kB


○  (Static)   prerendered as static content
ƒ  (Dynamic)  server-rendered on demand


> guilded-web@0.1.0 build
> next build

  ▲ Next.js 14.2.5
  - Environments: .env.local

   Creating an optimized production build ...
 ✓ Compiled successfully
   Linting and checking validity of types ...
   Collecting page data ...
   Generating static pages (0/15) ...
   Generating static pages (3/15) 
   Generating static pages (7/15) 
   Generating static pages (11/15) 
 ✓ Generating static pages (15/15)
   Finalizing page optimization ...
   Collecting build traces ...

Route (app)                              Size     First Load JS
┌ ○ /                                    1.77 kB         112 kB
├ ○ /_not-found                          871 B            88 kB
├ ƒ /api/auth/[...nextauth]              0 B                0 B
├ ƒ /dashboard                           787 B          95.3 kB
├ ƒ /dashboard/account                   952 B          88.1 kB
├ ƒ /dashboard/ai                        5.32 kB         115 kB
├ ƒ /dashboard/arbitration               952 B          88.1 kB
├ ƒ /dashboard/bankruptcy                153 B          87.3 kB
├ ƒ /dashboard/journey                   153 B          87.3 kB
├ ƒ /dashboard/loot-ledger               153 B          87.3 kB
├ ƒ /dashboard/modules                   153 B          87.3 kB
├ ƒ /dashboard/strategy-session          1.01 kB        88.1 kB
├ ƒ /dashboard/templates                 153 B          87.3 kB
└ ƒ /dashboard/upgrade                   1.44 kB        98.4 kB
+ First Load JS shared by all            87.1 kB
  ├ chunks/23-6e12b91451ca1289.js        31.5 kB
  ├ chunks/fd9d1056-52987fed3a59fd00.js  53.6 kB
  └ other shared chunks (total)          1.95 kB


○  (Static)   prerendered as static content
ƒ  (Dynamic)  server-rendered on demand


> guilded-web@0.1.0 build
> next build

  ▲ Next.js 14.2.5
  - Environments: .env.local

   Creating an optimized production build ...
 ✓ Compiled successfully
   Linting and checking validity of types ...
   Collecting page data ...
   Generating static pages (0/15) ...
   Generating static pages (3/15) 
   Generating static pages (7/15) 
   Generating static pages (11/15) 
 ✓ Generating static pages (15/15)
   Finalizing page optimization ...
   Collecting build traces ...

Route (app)                              Size     First Load JS
┌ ○ /                                    1.74 kB         111 kB
├ ○ /_not-found                          871 B            88 kB
├ ƒ /api/auth/[...nextauth]              0 B                0 B
├ ƒ /dashboard                           787 B          95.3 kB
├ ƒ /dashboard/account                   952 B          88.1 kB
├ ƒ /dashboard/ai                        5.25 kB         115 kB
├ ƒ /dashboard/arbitration               952 B          88.1 kB
├ ƒ /dashboard/bankruptcy                153 B          87.3 kB
├ ƒ /dashboard/journey                   153 B          87.3 kB
├ ƒ /dashboard/loot-ledger               153 B          87.3 kB
├ ƒ /dashboard/modules                   153 B          87.3 kB
├ ƒ /dashboard/strategy-session          976 B          88.1 kB
├ ƒ /dashboard/templates                 153 B          87.3 kB
└ ƒ /dashboard/upgrade                   183 B          94.7 kB
+ First Load JS shared by all            87.1 kB
  ├ chunks/23-6e12b91451ca1289.js        31.5 kB
  ├ chunks/fd9d1056-52987fed3a59fd00.js  53.6 kB
  └ other shared chunks (total)          1.95 kB


○  (Static)   prerendered as static content
ƒ  (Dynamic)  server-rendered on demand


> guilded-web@0.1.0 build
> next build

  ▲ Next.js 14.2.5
  - Environments: .env.local

   Creating an optimized production build ...
 ✓ Compiled successfully
   Linting and checking validity of types ...
   Collecting page data ...
   Generating static pages (0/15) ...
   Generating static pages (3/15) 
   Generating static pages (7/15) 
   Generating static pages (11/15) 
 ✓ Generating static pages (15/15)
   Finalizing page optimization ...
   Collecting build traces ...

Route (app)                              Size     First Load JS
┌ ○ /                                    1.77 kB         112 kB
├ ○ /_not-found                          871 B            88 kB
├ ƒ /api/auth/[...nextauth]              0 B                0 B
├ ƒ /dashboard                           787 B          95.3 kB
├ ƒ /dashboard/account                   952 B          88.1 kB
├ ƒ /dashboard/ai                        5.29 kB         115 kB
├ ƒ /dashboard/arbitration               952 B          88.1 kB
├ ƒ /dashboard/bankruptcy                153 B          87.3 kB
├ ƒ /dashboard/journey                   153 B          87.3 kB
├ ƒ /dashboard/loot-ledger               153 B          87.3 kB
├ ƒ /dashboard/modules                   153 B          87.3 kB
├ ƒ /dashboard/strategy-session          1.01 kB        88.1 kB
├ ƒ /dashboard/templates                 153 B          87.3 kB
└ ƒ /dashboard/upgrade                   1.76 kB        98.7 kB
+ First Load JS shared by all            87.1 kB
  ├ chunks/23-6e12b91451ca1289.js        31.5 kB
  ├ chunks/fd9d1056-52987fed3a59fd00.js  53.6 kB
  └ other shared chunks (total)          1.95 kB


○  (Static)   prerendered as static content
ƒ  (Dynamic)  server-rendered on demand

