Traceback (most recent call last):
  File "/home/jesse/infra/apps/Guilded/api/venv/lib/python3.12/site-packages/pydantic/networks.py", line 877, in import_email_validator
    import email_validator
ModuleNotFoundError: No module named 'email_validator'

The above exception was the direct cause of the following exception:

Traceback (most recent call last):
  File "/home/jesse/infra/apps/Guilded/api/./venv/bin/uvicorn", line 8, in <module>
    sys.exit(main())
             ^^^^^^
  File "/home/jesse/infra/apps/Guilded/api/venv/lib/python3.12/site-packages/click/core.py", line 1514, in __call__
    return self.main(*args, **kwargs)
           ^^^^^^^^^^^^^^^^^^^^^^^^^^
  File "/home/jesse/infra/apps/Guilded/api/venv/lib/python3.12/site-packages/click/core.py", line 1435, in main
    rv = self.invoke(ctx)
         ^^^^^^^^^^^^^^^^
  File "/home/jesse/infra/apps/Guilded/api/venv/lib/python3.12/site-packages/click/core.py", line 1298, in invoke
    return ctx.invoke(self.callback, **ctx.params)
           ^^^^^^^^^^^^^^^^^^^^^^^^^^^^^^^^^^^^^^^
  File "/home/jesse/infra/apps/Guilded/api/venv/lib/python3.12/site-packages/click/core.py", line 853, in invoke
    return callback(*args, **kwargs)
           ^^^^^^^^^^^^^^^^^^^^^^^^^
  File "/home/jesse/infra/apps/Guilded/api/venv/lib/python3.12/site-packages/uvicorn/main.py", line 412, in main
    run(
  File "/home/jesse/infra/apps/Guilded/api/venv/lib/python3.12/site-packages/uvicorn/main.py", line 579, in run
    server.run()
  File "/home/jesse/infra/apps/Guilded/api/venv/lib/python3.12/site-packages/uvicorn/server.py", line 65, in run
    return asyncio.run(self.serve(sockets=sockets))
           ^^^^^^^^^^^^^^^^^^^^^^^^^^^^^^^^^^^^^^^^
  File "/usr/lib/python3.12/asyncio/runners.py", line 194, in run
    return runner.run(main)
           ^^^^^^^^^^^^^^^^
  File "/usr/lib/python3.12/asyncio/runners.py", line 118, in run
    return self._loop.run_until_complete(task)
           ^^^^^^^^^^^^^^^^^^^^^^^^^^^^^^^^^^^
  File "uvloop/loop.pyx", line 1518, in uvloop.loop.Loop.run_until_complete
  File "/home/jesse/infra/apps/Guilded/api/venv/lib/python3.12/site-packages/uvicorn/server.py", line 69, in serve
    await self._serve(sockets)
  File "/home/jesse/infra/apps/Guilded/api/venv/lib/python3.12/site-packages/uvicorn/server.py", line 76, in _serve
    config.load()
  File "/home/jesse/infra/apps/Guilded/api/venv/lib/python3.12/site-packages/uvicorn/config.py", line 434, in load
    self.loaded_app = import_from_string(self.app)
                      ^^^^^^^^^^^^^^^^^^^^^^^^^^^^
  File "/home/jesse/infra/apps/Guilded/api/venv/lib/python3.12/site-packages/uvicorn/importer.py", line 19, in import_from_string
    module = importlib.import_module(module_str)
             ^^^^^^^^^^^^^^^^^^^^^^^^^^^^^^^^^^^
  File "/usr/lib/python3.12/importlib/__init__.py", line 90, in import_module
    return _bootstrap._gcd_import(name[level:], package, level)
           ^^^^^^^^^^^^^^^^^^^^^^^^^^^^^^^^^^^^^^^^^^^^^^^^^^^^
  File "<frozen importlib._bootstrap>", line 1387, in _gcd_import
  File "<frozen importlib._bootstrap>", line 1360, in _find_and_load
  File "<frozen importlib._bootstrap>", line 1331, in _find_and_load_unlocked
  File "<frozen importlib._bootstrap>", line 935, in _load_unlocked
  File "<frozen importlib._bootstrap_external>", line 995, in exec_module
  File "<frozen importlib._bootstrap>", line 488, in _call_with_frames_removed
  File "/home/jesse/infra/apps/Guilded/api/app/main.py", line 14, in <module>
    from app.domains.auth.router import router as auth_router
  File "/home/jesse/infra/apps/Guilded/api/app/domains/auth/router.py", line 10, in <module>
    from .schemas import LoginRequest, MeResponse, RegisterRequest, TokenResponse
  File "/home/jesse/infra/apps/Guilded/api/app/domains/auth/schemas.py", line 4, in <module>
    class RegisterRequest(BaseModel):
  File "/home/jesse/infra/apps/Guilded/api/venv/lib/python3.12/site-packages/pydantic/_internal/_model_construction.py", line 226, in __new__
    complete_model_class(
  File "/home/jesse/infra/apps/Guilded/api/venv/lib/python3.12/site-packages/pydantic/_internal/_model_construction.py", line 658, in complete_model_class
    schema = cls.__get_pydantic_core_schema__(cls, handler)
             ^^^^^^^^^^^^^^^^^^^^^^^^^^^^^^^^^^^^^^^^^^^^^^
  File "/home/jesse/infra/apps/Guilded/api/venv/lib/python3.12/site-packages/pydantic/main.py", line 702, in __get_pydantic_core_schema__
    return handler(source)
           ^^^^^^^^^^^^^^^
  File "/home/jesse/infra/apps/Guilded/api/venv/lib/python3.12/site-packages/pydantic/_internal/_schema_generation_shared.py", line 84, in __call__
    schema = self._handler(source_type)
             ^^^^^^^^^^^^^^^^^^^^^^^^^^
  File "/home/jesse/infra/apps/Guilded/api/venv/lib/python3.12/site-packages/pydantic/_internal/_generate_schema.py", line 612, in generate_schema
    schema = self._generate_schema_inner(obj)
             ^^^^^^^^^^^^^^^^^^^^^^^^^^^^^^^^
  File "/home/jesse/infra/apps/Guilded/api/venv/lib/python3.12/site-packages/pydantic/_internal/_generate_schema.py", line 881, in _generate_schema_inner
    return self._model_schema(obj)
           ^^^^^^^^^^^^^^^^^^^^^^^
  File "/home/jesse/infra/apps/Guilded/api/venv/lib/python3.12/site-packages/pydantic/_internal/_generate_schema.py", line 693, in _model_schema
    {k: self._generate_md_field_schema(k, v, decorators) for k, v in fields.items()},
        ^^^^^^^^^^^^^^^^^^^^^^^^^^^^^^^^^^^^^^^^^^^^^^^^
  File "/home/jesse/infra/apps/Guilded/api/venv/lib/python3.12/site-packages/pydantic/_internal/_generate_schema.py", line 1073, in _generate_md_field_schema
    common_field = self._common_field_schema(name, field_info, decorators)
                   ^^^^^^^^^^^^^^^^^^^^^^^^^^^^^^^^^^^^^^^^^^^^^^^^^^^^^^^
  File "/home/jesse/infra/apps/Guilded/api/venv/lib/python3.12/site-packages/pydantic/_internal/_generate_schema.py", line 1265, in _common_field_schema
    schema = self._apply_annotations(
             ^^^^^^^^^^^^^^^^^^^^^^^^
  File "/home/jesse/infra/apps/Guilded/api/venv/lib/python3.12/site-packages/pydantic/_internal/_generate_schema.py", line 2062, in _apply_annotations
    schema = get_inner_schema(source_type)
             ^^^^^^^^^^^^^^^^^^^^^^^^^^^^^
  File "/home/jesse/infra/apps/Guilded/api/venv/lib/python3.12/site-packages/pydantic/_internal/_schema_generation_shared.py", line 84, in __call__
    schema = self._handler(source_type)
             ^^^^^^^^^^^^^^^^^^^^^^^^^^
  File "/home/jesse/infra/apps/Guilded/api/venv/lib/python3.12/site-packages/pydantic/_internal/_generate_schema.py", line 2041, in inner_handler
    from_property = self._generate_schema_from_property(obj, source_type)
                    ^^^^^^^^^^^^^^^^^^^^^^^^^^^^^^^^^^^^^^^^^^^^^^^^^^^^^
  File "/home/jesse/infra/apps/Guilded/api/venv/lib/python3.12/site-packages/pydantic/_internal/_generate_schema.py", line 761, in _generate_schema_from_property
    schema = get_schema(
             ^^^^^^^^^^^
  File "/home/jesse/infra/apps/Guilded/api/venv/lib/python3.12/site-packages/pydantic/networks.py", line 917, in __get_pydantic_core_schema__
    import_email_validator()
  File "/home/jesse/infra/apps/Guilded/api/venv/lib/python3.12/site-packages/pydantic/networks.py", line 879, in import_email_validator
    raise ImportError('email-validator is not installed, run `pip install pydantic[email]`') from e
ImportError: email-validator is not installed, run `pip install pydantic[email]`
