  ▲ Next.js 14.2.5
  - Local:        http://localhost:3000
  - Network:      http://0.0.0.0:3000

 ✓ Starting...
 ✓ Ready in 525ms
  ▲ Next.js 14.2.5
  - Local:        http://localhost:3000
  - Network:      http://0.0.0.0:3000

 ✓ Starting...
 ✓ Ready in 589ms
Error: Failed to find Server Action "0". This request might be from an older or newer deployment. Original error: Cannot read properties of undefined (reading 'workers')
    at rE (/home/jesse/infra/apps/Guilded/web/node_modules/next/dist/compiled/next-server/app-page.runtime.prod.js:16:1686)
    at /home/jesse/infra/apps/Guilded/web/node_modules/next/dist/compiled/next-server/app-page.runtime.prod.js:15:8778
    at AsyncLocalStorage.run (node:internal/async_local_storage/async_hooks:91:14)
    at rR (/home/jesse/infra/apps/Guilded/web/node_modules/next/dist/compiled/next-server/app-page.runtime.prod.js:15:7986)
    at r7 (/home/jesse/infra/apps/Guilded/web/node_modules/next/dist/compiled/next-server/app-page.runtime.prod.js:18:1150)
    at /home/jesse/infra/apps/Guilded/web/node_modules/next/dist/compiled/next-server/app-page.runtime.prod.js:19:726
    at AsyncLocalStorage.run (node:internal/async_local_storage/async_hooks:91:14)
    at Object.wrap (/home/jesse/infra/apps/Guilded/web/node_modules/next/dist/compiled/next-server/app-page.runtime.prod.js:13:16657)
    at /home/jesse/infra/apps/Guilded/web/node_modules/next/dist/compiled/next-server/app-page.runtime.prod.js:19:616
    at AsyncLocalStorage.run (node:internal/async_local_storage/async_hooks:91:14)
 ⨯ Error: Invariant: expected pageData to be a string, got undefined
    at NextNodeServer.renderToResponseWithComponentsImpl (/home/jesse/infra/apps/Guilded/web/node_modules/next/dist/server/base-server.js:1804:27)
    at async NextNodeServer.renderPageComponent (/home/jesse/infra/apps/Guilded/web/node_modules/next/dist/server/base-server.js:1931:24)
    at async NextNodeServer.renderToResponseImpl (/home/jesse/infra/apps/Guilded/web/node_modules/next/dist/server/base-server.js:1969:32)
    at async NextNodeServer.pipeImpl (/home/jesse/infra/apps/Guilded/web/node_modules/next/dist/server/base-server.js:920:25)
    at async NextNodeServer.handleCatchallRenderRequest (/home/jesse/infra/apps/Guilded/web/node_modules/next/dist/server/next-server.js:272:17)
    at async NextNodeServer.handleRequestImpl (/home/jesse/infra/apps/Guilded/web/node_modules/next/dist/server/base-server.js:816:17)
    at async invokeRender (/home/jesse/infra/apps/Guilded/web/node_modules/next/dist/server/lib/router-server.js:174:21)
    at async handleRequest (/home/jesse/infra/apps/Guilded/web/node_modules/next/dist/server/lib/router-server.js:353:24)
    at async requestHandlerImpl (/home/jesse/infra/apps/Guilded/web/node_modules/next/dist/server/lib/router-server.js:377:13)
    at async Server.requestListener (/home/jesse/infra/apps/Guilded/web/node_modules/next/dist/server/lib/start-server.js:141:13)
Error: Failed to find Server Action "0". This request might be from an older or newer deployment. Original error: Cannot read properties of undefined (reading 'workers')
    at rE (/home/jesse/infra/apps/Guilded/web/node_modules/next/dist/compiled/next-server/app-page.runtime.prod.js:16:1686)
    at /home/jesse/infra/apps/Guilded/web/node_modules/next/dist/compiled/next-server/app-page.runtime.prod.js:15:8778
    at AsyncLocalStorage.run (node:internal/async_local_storage/async_hooks:91:14)
    at rR (/home/jesse/infra/apps/Guilded/web/node_modules/next/dist/compiled/next-server/app-page.runtime.prod.js:15:7986)
    at r7 (/home/jesse/infra/apps/Guilded/web/node_modules/next/dist/compiled/next-server/app-page.runtime.prod.js:18:1150)
    at /home/jesse/infra/apps/Guilded/web/node_modules/next/dist/compiled/next-server/app-page.runtime.prod.js:19:726
    at AsyncLocalStorage.run (node:internal/async_local_storage/async_hooks:91:14)
    at Object.wrap (/home/jesse/infra/apps/Guilded/web/node_modules/next/dist/compiled/next-server/app-page.runtime.prod.js:13:16657)
    at /home/jesse/infra/apps/Guilded/web/node_modules/next/dist/compiled/next-server/app-page.runtime.prod.js:19:616
    at AsyncLocalStorage.run (node:internal/async_local_storage/async_hooks:91:14)
 ⨯ Error: Invariant: expected pageData to be a string, got undefined
    at NextNodeServer.renderToResponseWithComponentsImpl (/home/jesse/infra/apps/Guilded/web/node_modules/next/dist/server/base-server.js:1804:27)
    at async NextNodeServer.renderPageComponent (/home/jesse/infra/apps/Guilded/web/node_modules/next/dist/server/base-server.js:1931:24)
    at async NextNodeServer.renderToResponseImpl (/home/jesse/infra/apps/Guilded/web/node_modules/next/dist/server/base-server.js:1969:32)
    at async NextNodeServer.pipeImpl (/home/jesse/infra/apps/Guilded/web/node_modules/next/dist/server/base-server.js:920:25)
    at async NextNodeServer.handleCatchallRenderRequest (/home/jesse/infra/apps/Guilded/web/node_modules/next/dist/server/next-server.js:272:17)
    at async NextNodeServer.handleRequestImpl (/home/jesse/infra/apps/Guilded/web/node_modules/next/dist/server/base-server.js:816:17)
    at async invokeRender (/home/jesse/infra/apps/Guilded/web/node_modules/next/dist/server/lib/router-server.js:174:21)
    at async handleRequest (/home/jesse/infra/apps/Guilded/web/node_modules/next/dist/server/lib/router-server.js:353:24)
    at async requestHandlerImpl (/home/jesse/infra/apps/Guilded/web/node_modules/next/dist/server/lib/router-server.js:377:13)
    at async Server.requestListener (/home/jesse/infra/apps/Guilded/web/node_modules/next/dist/server/lib/start-server.js:141:13)
  ▲ Next.js 14.2.5
  - Local:        http://localhost:3000
  - Network:      http://0.0.0.0:3000

 ✓ Starting...
 ✓ Ready in 571ms
